// Jest Snapshot v1, https://goo.gl/fbAQLP

exports[`App.js render renders correctly 1`] = `
<div
  className="App"
>
  <section>
    <div>
      <label>
        Upload your Image
      </label>
      <input
        onChange={[Function]}
        type="file"
      />
    </div>
  </section>
  <section>
    <div>
      <img
        className=""
      />
    </div>
  </section>
</div>
`;
